// Jest Snapshot v1, https://goo.gl/fbAQLP

exports[`notFound should match snapshot 1`] = `
<div
  class="MuiGrid-root MuiGrid-container css-11lq3yg-MuiGrid-root"
>
  <div
    class="MuiGrid-root MuiGrid-item MuiGrid-grid-xs-12 css-1idn90j-MuiGrid-root"
  >
    <div
      class="MuiPaper-root MuiPaper-elevation MuiPaper-rounded MuiPaper-elevation1 css-1ps6pg7-MuiPaper-root"
    >
      <div
        class="MuiBox-root css-1mb7ed4"
      >
        <h1
          class="display-3"
        >
          404!
        </h1>
        <p
          class="lead"
        >
          Page not found
        </p>
      </div>
    </div>
  </div>
</div>
`;
